0 verbose cli /data/data/com.termux/files/usr/bin/node /data/data/com.termux/files/usr/bin/npm
1 info using npm@11.17.0
2 info using node@v26.3.1
3 silly config load:file:/data/data/com.termux/files/usr/lib/node_modules/npm/npmrc
4 silly config load:file:/data/data/com.termux/files/home/.npmrc
5 silly config load:file:/data/data/com.termux/files/usr/etc/npmrc
6 verbose title npm install stripe
7 verbose argv "install" "stripe"
8 verbose logfile logs-max:10 dir:/data/data/com.termux/files/home/.npm/_logs/2026-08-07T18_21_22_707Z-
9 verbose logfile /data/data/com.termux/files/home/.npm/_logs/2026-08-07T18_21_22_707Z-debug-0.log
10 silly logfile start cleaning logs, removing 1 files
11 silly logfile done cleaning log files
12 silly packumentCache heap:1174405120 maxSize:293601280 maxEntrySize:146800640
13 silly idealTree buildDeps
14 silly fetch manifest stripe@*
15 silly packumentCache full:https://registry.npmjs.org/stripe cache-miss
16 http fetch GET 200 https://registry.npmjs.org/stripe 636ms (cache miss)
17 silly packumentCache full:https://registry.npmjs.org/stripe set size:undefined disposed:false
18 silly fetch manifest @types/node@>=18
19 silly packumentCache full:https://registry.npmjs.org/@types%2fnode cache-miss
20 http fetch GET 200 https://registry.npmjs.org/@types%2fnode 306ms (cache updated)
21 silly packumentCache full:https://registry.npmjs.org/@types%2fnode set size:undefined disposed:false
22 silly placeDep ROOT stripe@22.4.0 OK for: home@1.0.0 want: *
23 silly reify moves {}
24 silly audit bulk request { stripe: [ '22.4.0' ] }
25 http cache stripe@https://registry.npmjs.org/stripe/-/stripe-22.4.0.tgz 1ms (cache hit)
26 silly tarball no local data for stripe@https://registry.npmjs.org/stripe/-/stripe-22.4.0.tgz. Extracting by manifest.
27 http fetch POST 200 https://registry.npmjs.org/-/npm/v1/security/advisories/bulk 258ms
28 silly audit report {}
29 http fetch GET 200 https://registry.npmjs.org/stripe/-/stripe-22.4.0.tgz 1504ms (cache miss)
30 silly ADD node_modules/stripe
31 verbose cwd /data/data/com.termux/files/home
32 verbose os Linux 6.1.157-android14-11
33 verbose node v26.3.1
34 verbose npm  v11.17.0
35 verbose exit 0
36 info ok
