0 verbose cli /data/data/com.termux/files/usr/bin/node /data/data/com.termux/files/usr/bin/npm
1 info using npm@11.17.0
2 info using node@v26.3.1
3 silly config load:file:/data/data/com.termux/files/usr/lib/node_modules/npm/npmrc
4 silly config load:file:/data/data/com.termux/files/home/.npmrc
5 silly config load:file:/data/data/com.termux/files/usr/etc/npmrc
6 verbose title npm audit fix
7 verbose argv "audit" "fix" "--force"
8 verbose logfile logs-max:10 dir:/data/data/com.termux/files/home/.npm/_logs/2026-08-07T18_25_05_449Z-
9 verbose logfile /data/data/com.termux/files/home/.npm/_logs/2026-08-07T18_25_05_449Z-debug-0.log
10 warn using --force Recommended protections disabled.
11 silly logfile start cleaning logs, removing 1 files
12 silly logfile done cleaning log files
13 silly packumentCache heap:1174405120 maxSize:293601280 maxEntrySize:146800640
14 silly audit bulk request { bcryptjs: [ '3.0.3' ], stripe: [ '22.4.0' ] }
15 http fetch POST 200 https://registry.npmjs.org/-/npm/v1/security/advisories/bulk 446ms
16 silly audit report {}
17 silly idealTree buildDeps
18 silly reify moves {}
19 silly audit bulk request { bcryptjs: [ '3.0.3' ], stripe: [ '22.4.0' ] }
20 http fetch POST 200 https://registry.npmjs.org/-/npm/v1/security/advisories/bulk 249ms
21 silly audit report {}
22 verbose cwd /data/data/com.termux/files/home
23 verbose os Linux 6.1.157-android14-11
24 verbose node v26.3.1
25 verbose npm  v11.17.0
26 verbose exit 0
27 info ok
